// Jest Snapshot v1, https://goo.gl/fbAQLP

exports[`basic 1`] = `
<div
  className="sc-bdVaJa bfdwgJ"
  width={true}
/>
`;

exports[`basic 2`] = `
"<style data-styled=\\"bfdwgJ\\" data-styled-version=\\"4.1.2\\">
/* sc-component-id: sc-bdVaJa */
.bfdwgJ{margin:8px;width:100%;background-color:#ffffff;color:#000000;} @media (max-width:600px){.bfdwgJ{margin:0;}}</style>"
`;
